Archive member included to satisfy reference by file (symbol)

e:/embedded_system/arm_muc/imt_arm_course/02- tools/03- imt sdk/imt_sdk_win_64/winarm/armgcc/bin/../lib/gcc/arm-none-eabi/7.2.1/../../../../arm-none-eabi/lib/thumb/v7-m\libg_nano.a(lib_a-errno.o)
                              ./system/src/newlib/_sbrk.o (__errno)
e:/embedded_system/arm_muc/imt_arm_course/02- tools/03- imt sdk/imt_sdk_win_64/winarm/armgcc/bin/../lib/gcc/arm-none-eabi/7.2.1/../../../../arm-none-eabi/lib/thumb/v7-m\libg_nano.a(lib_a-impure.o)
                              e:/embedded_system/arm_muc/imt_arm_course/02- tools/03- imt sdk/imt_sdk_win_64/winarm/armgcc/bin/../lib/gcc/arm-none-eabi/7.2.1/../../../../arm-none-eabi/lib/thumb/v7-m\libg_nano.a(lib_a-errno.o) (_impure_ptr)
e:/embedded_system/arm_muc/imt_arm_course/02- tools/03- imt sdk/imt_sdk_win_64/winarm/armgcc/bin/../lib/gcc/arm-none-eabi/7.2.1/../../../../arm-none-eabi/lib/thumb/v7-m\libg_nano.a(lib_a-strlen.o)
                              ./system/src/diag/Trace.o (strlen)
e:/embedded_system/arm_muc/imt_arm_course/02- tools/03- imt sdk/imt_sdk_win_64/winarm/armgcc/bin/../lib/gcc/arm-none-eabi/7.2.1/../../../../arm-none-eabi/lib/thumb/v7-m\libg_nano.a(lib_a-vsnprintf.o)
                              ./system/src/diag/Trace.o (vsnprintf)
e:/embedded_system/arm_muc/imt_arm_course/02- tools/03- imt sdk/imt_sdk_win_64/winarm/armgcc/bin/../lib/gcc/arm-none-eabi/7.2.1/../../../../arm-none-eabi/lib/thumb/v7-m\libg_nano.a(lib_a-nano-svfprintf.o)
                              e:/embedded_system/arm_muc/imt_arm_course/02- tools/03- imt sdk/imt_sdk_win_64/winarm/armgcc/bin/../lib/gcc/arm-none-eabi/7.2.1/../../../../arm-none-eabi/lib/thumb/v7-m\libg_nano.a(lib_a-vsnprintf.o) (_svfprintf_r)
e:/embedded_system/arm_muc/imt_arm_course/02- tools/03- imt sdk/imt_sdk_win_64/winarm/armgcc/bin/../lib/gcc/arm-none-eabi/7.2.1/../../../../arm-none-eabi/lib/thumb/v7-m\libg_nano.a(lib_a-nano-vfprintf_i.o)
                              e:/embedded_system/arm_muc/imt_arm_course/02- tools/03- imt sdk/imt_sdk_win_64/winarm/armgcc/bin/../lib/gcc/arm-none-eabi/7.2.1/../../../../arm-none-eabi/lib/thumb/v7-m\libg_nano.a(lib_a-nano-svfprintf.o) (_printf_i)
e:/embedded_system/arm_muc/imt_arm_course/02- tools/03- imt sdk/imt_sdk_win_64/winarm/armgcc/bin/../lib/gcc/arm-none-eabi/7.2.1/../../../../arm-none-eabi/lib/thumb/v7-m\libg_nano.a(lib_a-memchr-stub.o)
                              e:/embedded_system/arm_muc/imt_arm_course/02- tools/03- imt sdk/imt_sdk_win_64/winarm/armgcc/bin/../lib/gcc/arm-none-eabi/7.2.1/../../../../arm-none-eabi/lib/thumb/v7-m\libg_nano.a(lib_a-nano-svfprintf.o) (memchr)
e:/embedded_system/arm_muc/imt_arm_course/02- tools/03- imt sdk/imt_sdk_win_64/winarm/armgcc/bin/../lib/gcc/arm-none-eabi/7.2.1/../../../../arm-none-eabi/lib/thumb/v7-m\libg_nano.a(lib_a-memcpy-stub.o)
                              e:/embedded_system/arm_muc/imt_arm_course/02- tools/03- imt sdk/imt_sdk_win_64/winarm/armgcc/bin/../lib/gcc/arm-none-eabi/7.2.1/../../../../arm-none-eabi/lib/thumb/v7-m\libg_nano.a(lib_a-nano-svfprintf.o) (memcpy)
e:/embedded_system/arm_muc/imt_arm_course/02- tools/03- imt sdk/imt_sdk_win_64/winarm/armgcc/bin/../lib/gcc/arm-none-eabi/7.2.1/../../../../arm-none-eabi/lib/thumb/v7-m\libg_nano.a(lib_a-memmove.o)
                              e:/embedded_system/arm_muc/imt_arm_course/02- tools/03- imt sdk/imt_sdk_win_64/winarm/armgcc/bin/../lib/gcc/arm-none-eabi/7.2.1/../../../../arm-none-eabi/lib/thumb/v7-m\libg_nano.a(lib_a-nano-svfprintf.o) (memmove)
e:/embedded_system/arm_muc/imt_arm_course/02- tools/03- imt sdk/imt_sdk_win_64/winarm/armgcc/bin/../lib/gcc/arm-none-eabi/7.2.1/../../../../arm-none-eabi/lib/thumb/v7-m\libg_nano.a(lib_a-nano-freer.o)
                              e:/embedded_system/arm_muc/imt_arm_course/02- tools/03- imt sdk/imt_sdk_win_64/winarm/armgcc/bin/../lib/gcc/arm-none-eabi/7.2.1/../../../../arm-none-eabi/lib/thumb/v7-m\libg_nano.a(lib_a-nano-svfprintf.o) (_free_r)
e:/embedded_system/arm_muc/imt_arm_course/02- tools/03- imt sdk/imt_sdk_win_64/winarm/armgcc/bin/../lib/gcc/arm-none-eabi/7.2.1/../../../../arm-none-eabi/lib/thumb/v7-m\libg_nano.a(lib_a-nano-mallocr.o)
                              e:/embedded_system/arm_muc/imt_arm_course/02- tools/03- imt sdk/imt_sdk_win_64/winarm/armgcc/bin/../lib/gcc/arm-none-eabi/7.2.1/../../../../arm-none-eabi/lib/thumb/v7-m\libg_nano.a(lib_a-nano-svfprintf.o) (_malloc_r)
e:/embedded_system/arm_muc/imt_arm_course/02- tools/03- imt sdk/imt_sdk_win_64/winarm/armgcc/bin/../lib/gcc/arm-none-eabi/7.2.1/../../../../arm-none-eabi/lib/thumb/v7-m\libg_nano.a(lib_a-nano-reallocr.o)
                              e:/embedded_system/arm_muc/imt_arm_course/02- tools/03- imt sdk/imt_sdk_win_64/winarm/armgcc/bin/../lib/gcc/arm-none-eabi/7.2.1/../../../../arm-none-eabi/lib/thumb/v7-m\libg_nano.a(lib_a-nano-svfprintf.o) (_realloc_r)
[...]
Memory Configuration

Name             Origin             Length             Attributes
RAM              0x20000000         0x00005000         xrw
CCMRAM           0x00000000         0x00000000         xrw
FLASH            0x08000000         0x00020000         xr
FLASHB1          0x00000000         0x00000000         xr
EXTMEMB0         0x00000000         0x00000000         xr
EXTMEMB1         0x00000000         0x00000000         xr
EXTMEMB2         0x00000000         0x00000000         xr
EXTMEMB3         0x00000000         0x00000000         xr
MEMORY_ARRAY     0x00000000         0x00000000         xrw
*default*        0x00000000         0xffffffff

Linker script and memory map

LOAD ./system/src/stm32f1-stdperiph/misc.o
LOAD ./system/src/stm32f1-stdperiph/stm32f10x_gpio.o
LOAD ./system/src/stm32f1-stdperiph/stm32f10x_rcc.o
LOAD ./system/src/newlib/_cxx.o
LOAD ./system/src/newlib/_exit.o
LOAD ./system/src/newlib/_sbrk.o
LOAD ./system/src/newlib/_startup.o
LOAD ./system/src/newlib/_syscalls.o
LOAD ./system/src/newlib/assert.o
LOAD ./system/src/diag/Trace.o
LOAD ./system/src/diag/trace_impl.o
LOAD ./system/src/cortexm/_initialize_hardware.o
LOAD ./system/src/cortexm/_reset_hardware.o
LOAD ./system/src/cortexm/exception_handlers.o
LOAD ./system/src/cmsis/system_stm32f10x.o
LOAD ./system/src/cmsis/vectors_stm32f10x.o
LOAD ./src/CRC_program.o
LOAD ./src/FPEC_program.o
LOAD ./src/GPIO_program.o
LOAD ./src/PARSING_program.o
LOAD ./src/PORT_program.o
LOAD ./src/RCC_program.o
LOAD ./src/STK_program.o
LOAD ./src/UART_program.o
LOAD ./src/main.o
LOAD e:/embedded_system/arm_muc/imt_arm_course/02- tools/03- imt sdk/imt_sdk_win_64/winarm/armgcc/bin/../lib/gcc/arm-none-eabi/7.2.1/../../../../arm-none-eabi/lib/thumb/v7-m\libstdc++_nano.a
LOAD e:/embedded_system/arm_muc/imt_arm_course/02- tools/03- imt sdk/imt_sdk_win_64/winarm/armgcc/bin/../lib/gcc/arm-none-eabi/7.2.1/../../../../arm-none-eabi/lib/thumb/v7-m\libm.a
START GROUP
LOAD e:/embedded_system/arm_muc/imt_arm_course/02- tools/03- imt sdk/imt_sdk_win_64/winarm/armgcc/bin/../lib/gcc/arm-none-eabi/7.2.1/thumb/v7-m\libgcc.a
LOAD e:/embedded_system/arm_muc/imt_arm_course/02- tools/03- imt sdk/imt_sdk_win_64/winarm/armgcc/bin/../lib/gcc/arm-none-eabi/7.2.1/../../../../arm-none-eabi/lib/thumb/v7-m\libg_nano.a
LOAD e:/embedded_system/arm_muc/imt_arm_course/02- tools/03- imt sdk/imt_sdk_win_64/winarm/armgcc/bin/../lib/gcc/arm-none-eabi/7.2.1/../../../../arm-none-eabi/lib/thumb/v7-m\libc_nano.a
END GROUP
START GROUP
LOAD e:/embedded_system/arm_muc/imt_arm_course/02- tools/03- imt sdk/imt_sdk_win_64/winarm/armgcc/bin/../lib/gcc/arm-none-eabi/7.2.1/thumb/v7-m\libgcc.a
LOAD e:/embedded_system/arm_muc/imt_arm_course/02- tools/03- imt sdk/imt_sdk_win_64/winarm/armgcc/bin/../lib/gcc/arm-none-eabi/7.2.1/../../../../arm-none-eabi/lib/thumb/v7-m\libc_nano.a
END GROUP
                0x20005000                __stack = (ORIGIN (RAM) + LENGTH (RAM))
                0x20005000                _estack = __stack
                0x00000400                __Main_Stack_Size = 0x400
                [!provide]                PROVIDE (_Main_Stack_Size, __Main_Stack_Size)
                0x20004c00                __Main_Stack_Limit = (__stack - __Main_Stack_Size)
                [!provide]                PROVIDE (_Main_Stack_Limit, __Main_Stack_Limit)
                0x00000100                _Minimum_Stack_Size = 0x100
                0x20000208                PROVIDE (_Heap_Begin, _end_noinit)
                0x20004c00                PROVIDE (_Heap_Limit, (__stack - __Main_Stack_Size))

.isr_vector     0x08000000      0x350
 FILL mask 0xff
                0x08000000                __vectors_start = ABSOLUTE (.)
                0x08000000                __vectors_start__ = ABSOLUTE (.)
 *(.isr_vector)
 .isr_vector    0x08000000      0x10c ./system/src/cmsis/vectors_stm32f10x.o
                0x08000000                __isr_vectors
 *(.cfmconfig)
 *(.after_vectors .after_vectors.*)
 .after_vectors
                0x0800010c      0x114 ./system/src/newlib/_startup.o
                0x0800010c                _start
 .after_vectors
                0x08000220      0x12c ./system/src/cortexm/exception_handlers.o
                0x08000220                Reset_Handler
                0x08000226                NMI_Handler
                0x0800022a                HardFault_Handler
                0x0800023e                HardFault_Handler_C
                0x0800029c                MemManage_Handler
                0x080002a0                BusFault_Handler
                0x080002b4                BusFault_Handler_C
                0x080002e8                UsageFault_Handler
                0x080002fc                UsageFault_Handler_C
                0x08000330                SVC_Handler
                0x08000334                DebugMon_Handler
                0x08000338                PendSV_Handler
 .after_vectors
                0x0800034c        0x4 ./system/src/cmsis/vectors_stm32f10x.o
                0x0800034c                EXTI2_IRQHandler
                0x0800034c                TIM8_TRG_COM_IRQHandler
                0x0800034c                TIM8_CC_IRQHandler
                0x0800034c                TIM1_CC_IRQHandler
                0x0800034c                TIM6_IRQHandler
                0x0800034c                PVD_IRQHandler
                0x0800034c                SDIO_IRQHandler
                0x0800034c                CAN2_RX1_IRQHandler
                0x0800034c                EXTI3_IRQHandler
                0x0800034c                TIM8_TRG_COM_TIM14_IRQHandler
                0x0800034c                TIM1_UP_TIM10_IRQHandler
                0x0800034c                TIM8_UP_TIM13_IRQHandler
                0x0800034c                EXTI0_IRQHandler
                0x0800034c                I2C2_EV_IRQHandler
                0x0800034c                CAN1_RX0_IRQHandler
                0x0800034c                TIM1_UP_TIM16_IRQHandler
                0x0800034c                CAN2_SCE_IRQHandler
                0x0800034c                ADC1_2_IRQHandler
                0x0800034c                SPI1_IRQHandler
                0x0800034c                TAMPER_IRQHandler
                0x0800034c                TIM6_DAC_IRQHandler
                0x0800034c                TIM1_BRK_TIM9_IRQHandler
                0x0800034c                CAN2_RX0_IRQHandler
                0x0800034c                TIM8_UP_IRQHandler
                0x0800034c                DMA2_Channel2_IRQHandler
                0x0800034c                DMA1_Channel4_IRQHandler
                0x0800034c                RTC_IRQHandler
                0x0800034c                DMA1_Channel7_IRQHandler
                0x0800034c                CAN1_RX1_IRQHandler
                0x0800034c                UART5_IRQHandler
                0x0800034c                ADC3_IRQHandler
                0x0800034c                TIM4_IRQHandler
                0x0800034c                DMA2_Channel1_IRQHandler
                0x0800034c                I2C1_EV_IRQHandler
                0x0800034c                DMA1_Channel6_IRQHandler
                0x0800034c                UART4_IRQHandler
                0x0800034c                DMA2_Channel4_IRQHandler
                0x0800034c                TIM3_IRQHandler
                0x0800034c                RCC_IRQHandler
                0x0800034c                TIM8_BRK_TIM12_IRQHandler
                0x0800034c                TIM1_TRG_COM_IRQHandler
                0x0800034c                DMA1_Channel1_IRQHandler
                0x0800034c                Default_Handler
                0x0800034c                CEC_IRQHandler
                0x0800034c                EXTI15_10_IRQHandler
                0x0800034c                TIM14_IRQHandler
                0x0800034c                TIM13_IRQHandler
                0x0800034c                TIM12_IRQHandler
                0x0800034c                TIM7_IRQHandler
                0x0800034c                CAN2_TX_IRQHandler
                0x0800034c                TIM5_IRQHandler
                0x0800034c                EXTI9_5_IRQHandler
                0x0800034c                ETH_WKUP_IRQHandler
                0x0800034c                SPI2_IRQHandler
                0x0800034c                CAN1_TX_IRQHandler
                0x0800034c                DMA2_Channel5_IRQHandler
                0x0800034c                DMA1_Channel5_IRQHandler
                0x0800034c                EXTI4_IRQHandler
                0x0800034c                USB_LP_CAN1_RX0_IRQHandler
                0x0800034c                TIM1_TRG_COM_TIM17_IRQHandler
                0x0800034c                USB_HP_CAN1_TX_IRQHandler
                0x0800034c                DMA1_Channel3_IRQHandler
                0x0800034c                FSMC_IRQHandler
                0x0800034c                ETH_IRQHandler
                0x0800034c                TIM1_UP_IRQHandler
                0x0800034c                WWDG_IRQHandler
                0x0800034c                TIM2_IRQHandler
                0x0800034c                OTG_FS_WKUP_IRQHandler
                0x0800034c                TIM1_TRG_COM_TIM11_IRQHandler
                0x0800034c                TIM1_BRK_IRQHandler
                0x0800034c                EXTI1_IRQHandler
                0x0800034c                RTCAlarm_IRQHandler
                0x0800034c                DMA2_Channel4_5_IRQHandler
                0x0800034c                I2C2_ER_IRQHandler
                0x0800034c                DMA1_Channel2_IRQHandler
                0x0800034c                TIM8_BRK_IRQHandler
                0x0800034c                CAN1_SCE_IRQHandler
                0x0800034c                FLASH_IRQHandler
                0x0800034c                OTG_FS_IRQHandler
                0x0800034c                SPI3_IRQHandler
                0x0800034c                I2C1_ER_IRQHandler
                0x0800034c                USBWakeUp_IRQHandler
                0x0800034c                DMA2_Channel3_IRQHandler
                0x0800034c                TIM1_BRK_TIM15_IRQHandler

.inits          0x08000350       0x28
                0x08000350                __data_regions_array_start = .
                0x08000350        0x4 LONG 0x8001804 LOADADDR (.data)
                0x08000354        0x4 LONG 0x20000000 ADDR (.data)
                0x08000358        0x4 LONG 0x20000088 (ADDR (.data) + SIZEOF (.data))
                0x0800035c        0x4 LONG 0x8001804 LOADADDR (.data_CCMRAM)
                0x08000360        0x4 LONG 0x0 ADDR (.data_CCMRAM)
                0x08000364        0x4 LONG 0x0 (ADDR (.data_CCMRAM) + SIZEOF (.data_CCMRAM))
                0x08000368                __data_regions_array_end = .
                0x08000368                __bss_regions_array_start = .
                0x08000368        0x4 LONG 0x20000088 ADDR (.bss)
                0x0800036c        0x4 LONG 0x20000208 (ADDR (.bss) + SIZEOF (.bss))
                0x08000370        0x4 LONG 0x0 ADDR (.bss_CCMRAM)
                0x08000374        0x4 LONG 0x0 (ADDR (.bss_CCMRAM) + SIZEOF (.bss_CCMRAM))
                0x08000378                __bss_regions_array_end = .
 *(.init)
 *(.fini)
                0x08000378                . = ALIGN (0x4)
                0x08000378                PROVIDE (__preinit_array_start, .)
 *(.preinit_array_sysinit .preinit_array_sysinit.*)
 *(.preinit_array_platform .preinit_array_platform.*)
 *(.preinit_array .preinit_array.*)
                0x08000378                PROVIDE (__preinit_array_end, .)
                0x08000378                . = ALIGN (0x4)
                0x08000378                PROVIDE (__init_array_start, .)
 *(SORT_BY_NAME(.init_array.*))
 *(.init_array)
                0x08000378                PROVIDE (__init_array_end, .)
                0x08000378                . = ALIGN (0x4)
                0x08000378                PROVIDE (__fini_array_start, .)
 *(SORT_BY_NAME(.fini_array.*))
 *(.fini_array)
                0x08000378                PROVIDE (__fini_array_end, .)

.flashtext
 *(.flashtext .flashtext.*)

.text           0x08000378     0x148b
 *(.text .text.*)
 .text._exit    0x08000378        0x2 ./system/src/newlib/_exit.o
                0x08000378                _exit
 *fill*         0x0800037a        0x2 
 .text._sbrk    0x0800037c       0x44 ./system/src/newlib/_sbrk.o
                0x0800037c                _sbrk
 .text.__initialize_args
                0x080003c0       0x10 ./system/src/newlib/_syscalls.o
                0x080003c0                __initialize_args
 .text.trace_printf
                0x080003d0       0x30 ./system/src/diag/Trace.o
                0x080003d0                trace_printf
 .text._trace_write_semihosting_debug
                0x08000400       0x60 ./system/src/diag/trace_impl.o
 .text.trace_write
                0x08000460        0x8 ./system/src/diag/trace_impl.o
                0x08000460                trace_write
 .text.__initialize_hardware_early
                0x08000468       0x18 ./system/src/cortexm/_initialize_hardware.o
                0x08000468                __initialize_hardware_early
 .text.__initialize_hardware
                0x08000480        0x8 ./system/src/cortexm/_initialize_hardware.o
                0x08000480                __initialize_hardware
 .text.dumpExceptionStack
                0x08000488       0xf4 ./system/src/cortexm/exception_handlers.o
                0x08000488                dumpExceptionStack
 .text.isSemihosting
                0x0800057c       0x20 ./system/src/cortexm/exception_handlers.o
                0x0800057c                isSemihosting
 .text.SetSysClockTo72
                0x0800059c       0xc4 ./system/src/cmsis/system_stm32f10x.o
 .text.SetSysClock
                0x08000660        0x8 ./system/src/cmsis/system_stm32f10x.o
 .text.SystemInit
                0x08000668       0x50 ./system/src/cmsis/system_stm32f10x.o
                0x08000668                SystemInit
 .text.SystemCoreClockUpdate
                0x080006b8       0x94 ./system/src/cmsis/system_stm32f10x.o
                0x080006b8                SystemCoreClockUpdate
 .text.CRC_u8CalculationHardware
                0x0800074c       0x14 ./src/CRC_program.o
                0x0800074c                CRC_u8CalculationHardware
 .text.FPEC_voidFlashPageErase
                0x08000760       0x50 ./src/FPEC_program.o
                0x08000760                FPEC_voidFlashPageErase
 .text.FPEC_voidFlashWrite
                0x080007b0       0x44 ./src/FPEC_program.o
                0x080007b0                FPEC_voidFlashWrite
 .text.GPIO_u8SetPinValue
                0x080007f4       0xc0 ./src/GPIO_program.o
                0x080007f4                GPIO_u8SetPinValue
 .text.PARSING_u8AsciToHex
                0x080008b4       0x14 ./src/PARSING_program.o
                0x080008b4                PARSING_u8AsciToHex
 .text.PARSING_voidWriteData
                0x080008c8       0xa0 ./src/PARSING_program.o
                0x080008c8                PARSING_voidWriteData
 .text.PORT_voidInit
                0x08000968       0x54 ./src/PORT_program.o
                0x08000968                PORT_voidInit
 .text.RCC_voidAjustmentClockSys
                0x080009bc       0x20 ./src/RCC_program.o
                0x080009bc                RCC_voidAjustmentClockSys
 .text.RCC_u8ChangeModeBuses
                0x080009dc       0xe0 ./src/RCC_program.o
                0x080009dc                RCC_u8ChangeModeBuses
 .text.RCC_voidInit
                0x08000abc       0x70 ./src/RCC_program.o
                0x08000abc                RCC_voidInit
 .text.RCC_u8EnableClock
                0x08000b2c       0x70 ./src/RCC_program.o
                0x08000b2c                RCC_u8EnableClock
 .text.SysTick_Handler
                0x08000b9c       0x30 ./src/STK_program.o
                0x08000b9c                SysTick_Handler
 .text.USART_Get
                0x08000bcc       0x20 ./src/UART_program.o
 .text.USART_voidInit
                0x08000bec       0x2a ./src/UART_program.o
                0x08000bec                USART_voidInit
 *fill*         0x08000c16        0x2 
 .text.USART_voidTransmitSync
                0x08000c18       0x24 ./src/UART_program.o
                0x08000c18                USART_voidTransmitSync
 .text.USART_u8ReceiveChar
                0x08000c3c       0x14 ./src/UART_program.o
                0x08000c3c                USART_u8ReceiveChar
 .text.USART1_IRQHandler
                0x08000c50       0x1c ./src/UART_program.o
                0x08000c50                USART1_IRQHandler
 .text.USART2_IRQHandler
                0x08000c6c       0x1c ./src/UART_program.o
                0x08000c6c                USART2_IRQHandler
 .text.USART3_IRQHandler
                0x08000c88       0x1c ./src/UART_program.o
                0x08000c88                USART3_IRQHandler
 .text.APP1     0x08000ca4       0x24 ./src/main.o
                0x08000ca4                APP1
 .text.APP2     0x08000cc8       0x24 ./src/main.o
                0x08000cc8                APP2
 .text.main     0x08000cec      0x118 ./src/main.o
                0x08000cec                main
 .text.__errno  0x08000e04        0xc e:/embedded_system/arm_muc/imt_arm_course/02- tools/03- imt sdk/imt_sdk_win_64/winarm/armgcc/bin/../lib/gcc/arm-none-eabi/7.2.1/../../../../arm-none-eabi/lib/thumb/v7-m\libg_nano.a(lib_a-errno.o)
                0x08000e04                __errno
 .text._vsnprintf_r
                0x08000e10       0x58 e:/embedded_system/arm_muc/imt_arm_course/02- tools/03- imt sdk/imt_sdk_win_64/winarm/armgcc/bin/../lib/gcc/arm-none-eabi/7.2.1/../../../../arm-none-eabi/lib/thumb/v7-m\libg_nano.a(lib_a-vsnprintf.o)
                0x08000e10                _vsniprintf_r
                0x08000e10                _vsnprintf_r
 .text.vsnprintf
                0x08000e68       0x1c e:/embedded_system/arm_muc/imt_arm_course/02- tools/03- imt sdk/imt_sdk_win_64/winarm/armgcc/bin/../lib/gcc/arm-none-eabi/7.2.1/../../../../arm-none-eabi/lib/thumb/v7-m\libg_nano.a(lib_a-vsnprintf.o)
                0x08000e68                vsniprintf
                0x08000e68                vsnprintf
 .text.__ssputs_r
                0x08000e84       0xb4 e:/embedded_system/arm_muc/imt_arm_course/02- tools/03- imt sdk/imt_sdk_win_64/winarm/armgcc/bin/../lib/gcc/arm-none-eabi/7.2.1/../../../../arm-none-eabi/lib/thumb/v7-m\libg_nano.a(lib_a-nano-svfprintf.o)
                0x08000e84                __ssputs_r
 .text._svfprintf_r
                0x08000f38      0x1ec e:/embedded_system/arm_muc/imt_arm_course/02- tools/03- imt sdk/imt_sdk_win_64/winarm/armgcc/bin/../lib/gcc/arm-none-eabi/7.2.1/../../../../arm-none-eabi/lib/thumb/v7-m\libg_nano.a(lib_a-nano-svfprintf.o)
                0x08000f38                _svfiprintf_r
                0x08000f38                _svfprintf_r
 .text._printf_common
                0x08001124       0xec e:/embedded_system/arm_muc/imt_arm_course/02- tools/03- imt sdk/imt_sdk_win_64/winarm/armgcc/bin/../lib/gcc/arm-none-eabi/7.2.1/../../../../arm-none-eabi/lib/thumb/v7-m\libg_nano.a(lib_a-nano-vfprintf_i.o)
                0x08001124                _printf_common
 .text._printf_i
                0x08001210      0x224 e:/embedded_system/arm_muc/imt_arm_course/02- tools/03- imt sdk/imt_sdk_win_64/winarm/armgcc/bin/../lib/gcc/arm-none-eabi/7.2.1/../../../../arm-none-eabi/lib/thumb/v7-m\libg_nano.a(lib_a-nano-vfprintf_i.o)
                0x08001210                _printf_i
 .text.memchr   0x08001434       0x1c e:/embedded_system/arm_muc/imt_arm_course/02- tools/03- imt sdk/imt_sdk_win_64/winarm/armgcc/bin/../lib/gcc/arm-none-eabi/7.2.1/../../../../arm-none-eabi/lib/thumb/v7-m\libg_nano.a(lib_a-memchr-stub.o)
                0x08001434                memchr
 .text.memcpy   0x08001450       0x16 e:/embedded_system/arm_muc/imt_arm_course/02- tools/03- imt sdk/imt_sdk_win_64/winarm/armgcc/bin/../lib/gcc/arm-none-eabi/7.2.1/../../../../arm-none-eabi/lib/thumb/v7-m\libg_nano.a(lib_a-memcpy-stub.o)
                0x08001450                memcpy
 .text.memmove  0x08001466       0x32 e:/embedded_system/arm_muc/imt_arm_course/02- tools/03- imt sdk/imt_sdk_win_64/winarm/armgcc/bin/../lib/gcc/arm-none-eabi/7.2.1/../../../../arm-none-eabi/lib/thumb/v7-m\libg_nano.a(lib_a-memmove.o)
                0x08001466                memmove
 .text._free_r  0x08001498       0x98 e:/embedded_system/arm_muc/imt_arm_course/02- tools/03- imt sdk/imt_sdk_win_64/winarm/armgcc/bin/../lib/gcc/arm-none-eabi/7.2.1/../../../../arm-none-eabi/lib/thumb/v7-m\libg_nano.a(lib_a-nano-freer.o)
                0x08001498                _free_r
 .text._malloc_r
                0x08001530       0xb4 e:/embedded_system/arm_muc/imt_arm_course/02- tools/03- imt sdk/imt_sdk_win_64/winarm/armgcc/bin/../lib/gcc/arm-none-eabi/7.2.1/../../../../arm-none-eabi/lib/thumb/v7-m\libg_nano.a(lib_a-nano-mallocr.o)
                0x08001530                _malloc_r
 .text._realloc_r
                0x080015e4       0x4c e:/embedded_system/arm_muc/imt_arm_course/02- tools/03- imt sdk/imt_sdk_win_64/winarm/armgcc/bin/../lib/gcc/arm-none-eabi/7.2.1/../../../../arm-none-eabi/lib/thumb/v7-m\libg_nano.a(lib_a-nano-reallocr.o)
                0x080015e4                _realloc_r
 .text._sbrk_r  0x08001630       0x20 e:/embedded_system/arm_muc/imt_arm_course/02- tools/03- imt sdk/imt_sdk_win_64/winarm/armgcc/bin/../lib/gcc/arm-none-eabi/7.2.1/../../../../arm-none-eabi/lib/thumb/v7-m\libg_nano.a(lib_a-sbrkr.o)
                0x08001630                _sbrk_r
 .text.__malloc_lock
                0x08001650        0x2 e:/embedded_system/arm_muc/imt_arm_course/02- tools/03- imt sdk/imt_sdk_win_64/winarm/armgcc/bin/../lib/gcc/arm-none-eabi/7.2.1/../../../../arm-none-eabi/lib/thumb/v7-m\libg_nano.a(lib_a-mlock.o)
                0x08001650                __malloc_lock
 .text.__malloc_unlock
                0x08001652        0x2 e:/embedded_system/arm_muc/imt_arm_course/02- tools/03- imt sdk/imt_sdk_win_64/winarm/armgcc/bin/../lib/gcc/arm-none-eabi/7.2.1/../../../../arm-none-eabi/lib/thumb/v7-m\libg_nano.a(lib_a-mlock.o)
                0x08001652                __malloc_unlock
 .text._malloc_usable_size_r
                0x08001654       0x10 e:/embedded_system/arm_muc/imt_arm_course/02- tools/03- imt sdk/imt_sdk_win_64/winarm/armgcc/bin/../lib/gcc/arm-none-eabi/7.2.1/../../../../arm-none-eabi/lib/thumb/v7-m\libg_nano.a(lib_a-nano-msizer.o)
                0x08001654                _malloc_usable_size_r
 *(.rodata .rodata.* .constdata .constdata.*)
 .rodata.dumpExceptionStack.str1.4
                0x08001664      0x11a ./system/src/cortexm/exception_handlers.o
 *fill*         0x0800177e        0x2 
 .rodata.str1.4
                0x08001780       0x2a ./system/src/cortexm/exception_handlers.o
 *fill*         0x080017aa        0x2 
 .rodata.usart_ports
                0x080017ac        0xc ./src/UART_program.o
 .rodata        0x080017b8        0xa ./src/main.o
 *fill*         0x080017c2        0x2 
 .rodata.main.str1.4
                0x080017c4        0xc ./src/main.o
 .rodata._svfprintf_r.str1.1
                0x080017d0       0x11 e:/embedded_system/arm_muc/imt_arm_course/02- tools/03- imt sdk/imt_sdk_win_64/winarm/armgcc/bin/../lib/gcc/arm-none-eabi/7.2.1/../../../../arm-none-eabi/lib/thumb/v7-m\libg_nano.a(lib_a-nano-svfprintf.o)
 .rodata._printf_i.str1.1
                0x080017e1       0x22 e:/embedded_system/arm_muc/imt_arm_course/02- tools/03- imt sdk/imt_sdk_win_64/winarm/armgcc/bin/../lib/gcc/arm-none-eabi/7.2.1/../../../../arm-none-eabi/lib/thumb/v7-m\libg_nano.a(lib_a-nano-vfprintf_i.o)
 *(vtable)
 *(.eh_frame*)
 *(.glue_7)
 .glue_7        0x08001803        0x0 linker stubs
 *(.glue_7t)
 .glue_7t       0x08001803        0x0 linker stubs

.vfp11_veneer   0x08001804        0x0
 .vfp11_veneer  0x08001804        0x0 linker stubs

.v4_bx          0x08001804        0x0
 .v4_bx         0x08001804        0x0 linker stubs

.iplt           0x08001804        0x0
 .iplt          0x08001804        0x0 ./system/src/newlib/_exit.o

.rel.dyn        0x08001804        0x0
 .rel.iplt      0x08001804        0x0 ./system/src/newlib/_exit.o

.ARM.extab
 *(.ARM.extab* .gnu.linkonce.armextab.*)
                0x08001804                . = ALIGN (0x4)
                0x08001804                __exidx_start = .

.ARM.exidx
 *(.ARM.exidx* .gnu.linkonce.armexidx.*)
                0x08001804                __exidx_end = .
                0x08001804                . = ALIGN (0x4)
                0x08001804                _etext = .
                0x08001804                __etext = .

.data_CCMRAM    0x00000000        0x0 load address 0x08001804
 FILL mask 0xff
 *(.data.CCMRAM .data.CCMRAM.*)
                0x00000000                . = ALIGN (0x4)
                0x08001804                _sidata = LOADADDR (.data)

.data           0x20000000       0x88 load address 0x08001804
 FILL mask 0xff
                0x20000000                _sdata = .
                0x20000000                __data_start__ = .
 *(.data_begin .data_begin.*)
 .data_begin    0x20000000        0x4 ./system/src/newlib/_startup.o
 *(.data .data.*)
 .data.argv.4310
                0x20000004        0x8 ./system/src/newlib/_syscalls.o
 .data.AHBPrescTable
                0x2000000c       0x10 ./system/src/cmsis/system_stm32f10x.o
                0x2000000c                AHBPrescTable
 .data.SystemCoreClock
                0x2000001c        0x4 ./system/src/cmsis/system_stm32f10x.o
                0x2000001c                SystemCoreClock
 .data._impure_ptr
                0x20000020        0x4 e:/embedded_system/arm_muc/imt_arm_course/02- tools/03- imt sdk/imt_sdk_win_64/winarm/armgcc/bin/../lib/gcc/arm-none-eabi/7.2.1/../../../../arm-none-eabi/lib/thumb/v7-m\libg_nano.a(lib_a-impure.o)
                0x20000020                _impure_ptr
 .data.impure_data
                0x20000024       0x60 e:/embedded_system/arm_muc/imt_arm_course/02- tools/03- imt sdk/imt_sdk_win_64/winarm/armgcc/bin/../lib/gcc/arm-none-eabi/7.2.1/../../../../arm-none-eabi/lib/thumb/v7-m\libg_nano.a(lib_a-impure.o)
 *(.data_end .data_end.*)
 .data_end      0x20000084        0x4 ./system/src/newlib/_startup.o
                0x20000088                . = ALIGN (0x4)
                0x20000088                _edata = .
                0x20000088                __data_end__ = .

.igot.plt       0x20000088        0x0 load address 0x0800188c
 .igot.plt      0x20000088        0x0 ./system/src/newlib/_exit.o

.bss_CCMRAM     0x00000000        0x0
 *(.bss.CCMRAM .bss.CCMRAM.*)

.bss            0x20000088      0x180
                0x20000088                __bss_start__ = .
                0x20000088                _sbss = .
 *(.bss_begin .bss_begin.*)
 .bss_begin     0x20000088        0x4 ./system/src/newlib/_startup.o
 *(.bss .bss.*)
 .bss.current_heap_end.3961
                0x2000008c        0x4 ./system/src/newlib/_sbrk.o
 .bss.name.4309
                0x20000090        0x1 ./system/src/newlib/_syscalls.o
 *fill*         0x20000091        0x3 
 .bss.buf.5205  0x20000094       0x80 ./system/src/diag/Trace.o
 .bss.STK_u32_MODE
                0x20000114        0x4 ./src/STK_program.o
 .bss.STK_voidCallBackFunc
                0x20000118        0x4 ./src/STK_program.o
 .bss.USART_voidCallBackFunc
                0x2000011c        0xc ./src/UART_program.o
                0x2000011c                USART_voidCallBackFunc
 .bss.__malloc_free_list
                0x20000128        0x4 e:/embedded_system/arm_muc/imt_arm_course/02- tools/03- imt sdk/imt_sdk_win_64/winarm/armgcc/bin/../lib/gcc/arm-none-eabi/7.2.1/../../../../arm-none-eabi/lib/thumb/v7-m\libg_nano.a(lib_a-nano-mallocr.o)
                0x20000128                __malloc_free_list
 .bss.__malloc_sbrk_start
                0x2000012c        0x4 e:/embedded_system/arm_muc/imt_arm_course/02- tools/03- imt sdk/imt_sdk_win_64/winarm/armgcc/bin/../lib/gcc/arm-none-eabi/7.2.1/../../../../arm-none-eabi/lib/thumb/v7-m\libg_nano.a(lib_a-nano-mallocr.o)
                0x2000012c                __malloc_sbrk_start
 *(COMMON)
 COMMON         0x20000130        0x4 ./system/src/newlib/_syscalls.o
                0x20000130                errno
 COMMON         0x20000134       0xc8 ./src/PARSING_program.o
                0x20000134                Data
 COMMON         0x200001fc        0x8 ./src/main.o
                0x200001fc                AddrAPP2
                0x20000200                AddrAPP1
 *(.bss_end .bss_end.*)
 .bss_end       0x20000204        0x4 ./system/src/newlib/_startup.o
                0x20000208                . = ALIGN (0x4)
                0x20000208                __bss_end__ = .
                0x20000208                _ebss = .

.noinit_CCMRAM
 *(.noinit.CCMRAM .noinit.CCMRAM.*)

.noinit         0x20000208        0x0
                0x20000208                _noinit = .
 *(.noinit .noinit.*)
                0x20000208                . = ALIGN (0x4)
                0x20000208                _end_noinit = .
                [!provide]                PROVIDE (end, _end_noinit)
                [!provide]                PROVIDE (_end, _end_noinit)
                [!provide]                PROVIDE (__end, _end_noinit)
                [!provide]                PROVIDE (__end__, _end_noinit)

._check_stack   0x20000208      0x100
                0x20000308                . = (. + _Minimum_Stack_Size)
 *fill*         0x20000208      0x100 

.b1text
 *(.b1text)
 *(.b1rodata)
 *(.b1rodata.*)

.eb0text
 *(.eb0text)
 *(.eb0rodata)
 *(.eb0rodata.*)

.eb1text
 *(.eb1text)
 *(.eb1rodata)
 *(.eb1rodata.*)

.eb2text
 *(.eb2text)
 *(.eb2rodata)
 *(.eb2rodata.*)

.eb3text
 *(.eb3text)
 *(.eb3rodata)
 *(.eb3rodata.*)

.stab
 *(.stab)

.stabstr
 *(.stabstr)

.stab.excl
 *(.stab.excl)

.stab.exclstr
 *(.stab.exclstr)

.stab.index
 *(.stab.index)

.stab.indexstr
 *(.stab.indexstr)

.comment        0x00000000       0x7e
 *(.comment)
 .comment       0x00000000       0x7e ./system/src/newlib/_exit.o
                                 0x7f (size before relaxing)
 .comment       0x0000007e       0x7f ./system/src/newlib/_sbrk.o
 .comment       0x0000007e       0x7f ./system/src/newlib/_startup.o
 .comment       0x0000007e       0x7f ./system/src/newlib/_syscalls.o
 .comment       0x0000007e       0x7f ./system/src/diag/Trace.o
 .comment       0x0000007e       0x7f ./system/src/diag/trace_impl.o
 .comment       0x0000007e       0x7f ./system/src/cortexm/_initialize_hardware.o
 .comment       0x0000007e       0x7f ./system/src/cortexm/exception_handlers.o
 .comment       0x0000007e       0x7f ./system/src/cmsis/system_stm32f10x.o
 .comment       0x0000007e       0x7f ./system/src/cmsis/vectors_stm32f10x.o
 .comment       0x0000007e       0x7f ./src/CRC_program.o
 .comment       0x0000007e       0x7f ./src/FPEC_program.o
 .comment       0x0000007e       0x7f ./src/GPIO_program.o
 .comment       0x0000007e       0x7f ./src/PARSING_program.o
 .comment       0x0000007e       0x7f ./src/PORT_program.o
 .comment       0x0000007e       0x7f ./src/RCC_program.o
 .comment       0x0000007e       0x7f ./src/STK_program.o
 .comment       0x0000007e       0x7f ./src/UART_program.o
 .comment       0x0000007e       0x7f ./src/main.o

.ARM.attributes
                0x00000000       0x31
 .ARM.attributes
                0x00000000       0x33 ./system/src/newlib/_exit.o
 .ARM.attributes
                0x00000033       0x33 ./system/src/newlib/_sbrk.o
 .ARM.attributes
                0x00000066       0x33 ./system/src/newlib/_startup.o
 .ARM.attributes
                0x00000099       0x33 ./system/src/newlib/_syscalls.o
 .ARM.attributes
                0x000000cc       0x33 ./system/src/diag/Trace.o
 .ARM.attributes
                0x000000ff       0x33 ./system/src/diag/trace_impl.o
 .ARM.attributes
                0x00000132       0x33 ./system/src/cortexm/_initialize_hardware.o
 .ARM.attributes
                0x00000165       0x33 ./system/src/cortexm/exception_handlers.o
 .ARM.attributes
                0x00000198       0x33 ./system/src/cmsis/system_stm32f10x.o
 .ARM.attributes
                0x000001cb       0x33 ./system/src/cmsis/vectors_stm32f10x.o
 .ARM.attributes
                0x000001fe       0x33 ./src/CRC_program.o
 .ARM.attributes
                0x00000231       0x33 ./src/FPEC_program.o
 .ARM.attributes
                0x00000264       0x33 ./src/GPIO_program.o
 .ARM.attributes
                0x00000297       0x33 ./src/PARSING_program.o
 .ARM.attributes
                0x000002ca       0x33 ./src/PORT_program.o
 .ARM.attributes
                0x000002fd       0x33 ./src/RCC_program.o
 .ARM.attributes
                0x00000330       0x33 ./src/STK_program.o
 .ARM.attributes
                0x00000363       0x33 ./src/UART_program.o
 .ARM.attributes
                0x00000396       0x33 ./src/main.o
 .ARM.attributes
                0x000003c9       0x2d e:/embedded_system/arm_muc/imt_arm_course/02- tools/03- imt sdk/imt_sdk_win_64/winarm/armgcc/bin/../lib/gcc/arm-none-eabi/7.2.1/../../../../arm-none-eabi/lib/thumb/v7-m\libg_nano.a(lib_a-errno.o)
 .ARM.attributes
                0x000003f6       0x2d e:/embedded_system/arm_muc/imt_arm_course/02- tools/03- imt sdk/imt_sdk_win_64/winarm/armgcc/bin/../lib/gcc/arm-none-eabi/7.2.1/../../../../arm-none-eabi/lib/thumb/v7-m\libg_nano.a(lib_a-impure.o)
 .ARM.attributes
                0x00000423       0x2d e:/embedded_system/arm_muc/imt_arm_course/02- tools/03- imt sdk/imt_sdk_win_64/winarm/armgcc/bin/../lib/gcc/arm-none-eabi/7.2.1/../../../../arm-none-eabi/lib/thumb/v7-m\libg_nano.a(lib_a-vsnprintf.o)
 .ARM.attributes
                0x00000450       0x2d e:/embedded_system/arm_muc/imt_arm_course/02- tools/03- imt sdk/imt_sdk_win_64/winarm/armgcc/bin/../lib/gcc/arm-none-eabi/7.2.1/../../../../arm-none-eabi/lib/thumb/v7-m\libg_nano.a(lib_a-nano-svfprintf.o)
 .ARM.attributes
                0x0000047d       0x2d e:/embedded_system/arm_muc/imt_arm_course/02- tools/03- imt sdk/imt_sdk_win_64/winarm/armgcc/bin/../lib/gcc/arm-none-eabi/7.2.1/../../../../arm-none-eabi/lib/thumb/v7-m\libg_nano.a(lib_a-nano-vfprintf_i.o)
 .ARM.attributes
                0x000004aa       0x2d e:/embedded_system/arm_muc/imt_arm_course/02- tools/03- imt sdk/imt_sdk_win_64/winarm/armgcc/bin/../lib/gcc/arm-none-eabi/7.2.1/../../../../arm-none-eabi/lib/thumb/v7-m\libg_nano.a(lib_a-memchr-stub.o)
 .ARM.attributes
                0x000004d7       0x2d e:/embedded_system/arm_muc/imt_arm_course/02- tools/03- imt sdk/imt_sdk_win_64/winarm/armgcc/bin/../lib/gcc/arm-none-eabi/7.2.1/../../../../arm-none-eabi/lib/thumb/v7-m\libg_nano.a(lib_a-memcpy-stub.o)
 .ARM.attributes
                0x00000504       0x2d e:/embedded_system/arm_muc/imt_arm_course/02- tools/03- imt sdk/imt_sdk_win_64/winarm/armgcc/bin/../lib/gcc/arm-none-eabi/7.2.1/../../../../arm-none-eabi/lib/thumb/v7-m\libg_nano.a(lib_a-memmove.o)
 .ARM.attributes
                0x00000531       0x2d e:/embedded_system/arm_muc/imt_arm_course/02- tools/03- imt sdk/imt_sdk_win_64/winarm/armgcc/bin/../lib/gcc/arm-none-eabi/7.2.1/../../../../arm-none-eabi/lib/thumb/v7-m\libg_nano.a(lib_a-nano-freer.o)
 .ARM.attributes
                0x0000055e       0x2d e:/embedded_system/arm_muc/imt_arm_course/02- tools/03- imt sdk/imt_sdk_win_64/winarm/armgcc/bin/../lib/gcc/arm-none-eabi/7.2.1/../../../../arm-none-eabi/lib/thumb/v7-m\libg_nano.a(lib_a-nano-mallocr.o)
 .ARM.attributes
                0x0000058b       0x2d e:/embedded_system/arm_muc/imt_arm_course/02- tools/03- imt sdk/imt_sdk_win_64/winarm/armgcc/bin/../lib/gcc/arm-none-eabi/7.2.1/../../../../arm-none-eabi/lib/thumb/v7-m\libg_nano.a(lib_a-nano-reallocr.o)
 .ARM.attributes
                0x000005b8       0x2d e:/embedded_system/arm_muc/imt_arm_course/02- tools/03- imt sdk/imt_sdk_win_64/winarm/armgcc/bin/../lib/gcc/arm-none-eabi/7.2.1/../../../../arm-none-eabi/lib/thumb/v7-m\libg_nano.a(lib_a-sbrkr.o)
 .ARM.attributes
                0x000005e5       0x2d e:/embedded_system/arm_muc/imt_arm_course/02- tools/03- imt sdk/imt_sdk_win_64/winarm/armgcc/bin/../lib/gcc/arm-none-eabi/7.2.1/../../../../arm-none-eabi/lib/thumb/v7-m\libg_nano.a(lib_a-mlock.o)
 .ARM.attributes
                0x00000612       0x2d e:/embedded_system/arm_muc/imt_arm_course/02- tools/03- imt sdk/imt_sdk_win_64/winarm/armgcc/bin/../lib/gcc/arm-none-eabi/7.2.1/../../../../arm-none-eabi/lib/thumb/v7-m\libg_nano.a(lib_a-nano-msizer.o)

.debug
 *(.debug)

.line
 *(.line)

.debug_srcinfo
 *(.debug_srcinfo)

.debug_sfnames
 *(.debug_sfnames)

.debug_aranges  0x00000000      0x448
 *(.debug_aranges)
 .debug_aranges
                0x00000000       0x28 ./system/src/newlib/_exit.o
 .debug_aranges
                0x00000028       0x20 ./system/src/newlib/_sbrk.o
 .debug_aranges
                0x00000048       0x40 ./system/src/newlib/_startup.o
 .debug_aranges
                0x00000088       0x30 ./system/src/newlib/_syscalls.o
 .debug_aranges
                0x000000b8       0x38 ./system/src/diag/Trace.o
 .debug_aranges
                0x000000f0       0x30 ./system/src/diag/trace_impl.o
 .debug_aranges
                0x00000120       0x28 ./system/src/cortexm/_initialize_hardware.o
 .debug_aranges
                0x00000148       0x90 ./system/src/cortexm/exception_handlers.o
 .debug_aranges
                0x000001d8       0x38 ./system/src/cmsis/system_stm32f10x.o
 .debug_aranges
                0x00000210       0x20 ./system/src/cmsis/vectors_stm32f10x.o
 .debug_aranges
                0x00000230       0x20 ./src/CRC_program.o
 .debug_aranges
                0x00000250       0x40 ./src/FPEC_program.o
 .debug_aranges
                0x00000290       0x38 ./src/GPIO_program.o
 .debug_aranges
                0x000002c8       0x28 ./src/PARSING_program.o
 .debug_aranges
                0x000002f0       0x20 ./src/PORT_program.o
 .debug_aranges
                0x00000310       0x40 ./src/RCC_program.o
 .debug_aranges
                0x00000350       0x60 ./src/STK_program.o
 .debug_aranges
                0x000003b0       0x68 ./src/UART_program.o
 .debug_aranges
                0x00000418       0x30 ./src/main.o

.debug_pubnames
 *(.debug_pubnames)

.debug_info     0x00000000     0x5c1c
 *(.debug_info .gnu.linkonce.wi.*)
 .debug_info    0x00000000      0x956 ./system/src/newlib/_exit.o
 .debug_info    0x00000956      0x942 ./system/src/newlib/_sbrk.o
 .debug_info    0x00001298      0x42e ./system/src/newlib/_startup.o
 .debug_info    0x000016c6      0xa19 ./system/src/newlib/_syscalls.o
 .debug_info    0x000020df      0xb2a ./system/src/diag/Trace.o
 .debug_info    0x00002c09      0x363 ./system/src/diag/trace_impl.o
 .debug_info    0x00002f6c      0x2b5 ./system/src/cortexm/_initialize_hardware.o
 .debug_info    0x00003221     0x1140 ./system/src/cortexm/exception_handlers.o
 .debug_info    0x00004361      0x494 ./system/src/cmsis/system_stm32f10x.o
 .debug_info    0x000047f5       0xca ./system/src/cmsis/vectors_stm32f10x.o
 .debug_info    0x000048bf       0xde ./src/CRC_program.o
 .debug_info    0x0000499d      0x23d ./src/FPEC_program.o
 .debug_info    0x00004bda      0x1af ./src/GPIO_program.o
 .debug_info    0x00004d89      0x239 ./src/PARSING_program.o
 .debug_info    0x00004fc2       0x7e ./src/PORT_program.o
 .debug_info    0x00005040      0x1f7 ./src/RCC_program.o
 .debug_info    0x00005237      0x285 ./src/STK_program.o
 .debug_info    0x000054bc      0x3be ./src/UART_program.o
 .debug_info    0x0000587a      0x3a2 ./src/main.o

.debug_abbrev   0x00000000     0x1a88
 *(.debug_abbrev)
 .debug_abbrev  0x00000000      0x1f3 ./system/src/newlib/_exit.o
 .debug_abbrev  0x000001f3      0x1fc ./system/src/newlib/_sbrk.o
 .debug_abbrev  0x000003ef      0x1b3 ./system/src/newlib/_startup.o
 .debug_abbrev  0x000005a2      0x234 ./system/src/newlib/_syscalls.o
 .debug_abbrev  0x000007d6      0x276 ./system/src/diag/Trace.o
 .debug_abbrev  0x00000a4c      0x1e2 ./system/src/diag/trace_impl.o
 .debug_abbrev  0x00000c2e       0xea ./system/src/cortexm/_initialize_hardware.o
 .debug_abbrev  0x00000d18      0x32b ./system/src/cortexm/exception_handlers.o
 .debug_abbrev  0x00001043      0x177 ./system/src/cmsis/system_stm32f10x.o
 .debug_abbrev  0x000011ba       0x9d ./system/src/cmsis/vectors_stm32f10x.o
 .debug_abbrev  0x00001257       0x97 ./src/CRC_program.o
 .debug_abbrev  0x000012ee      0x10a ./src/FPEC_program.o
 .debug_abbrev  0x000013f8       0x9b ./src/GPIO_program.o
 .debug_abbrev  0x00001493      0x109 ./src/PARSING_program.o
 .debug_abbrev  0x0000159c       0x45 ./src/PORT_program.o
 .debug_abbrev  0x000015e1       0xf3 ./src/RCC_program.o
 .debug_abbrev  0x000016d4      0x10d ./src/STK_program.o
 .debug_abbrev  0x000017e1      0x17d ./src/UART_program.o
 .debug_abbrev  0x0000195e      0x12a ./src/main.o

.debug_line     0x00000000     0x380d
 *(.debug_line)
 .debug_line    0x00000000      0x3eb ./system/src/newlib/_exit.o
 .debug_line    0x000003eb      0x39f ./system/src/newlib/_sbrk.o
 .debug_line    0x0000078a      0x459 ./system/src/newlib/_startup.o
 .debug_line    0x00000be3      0x4dc ./system/src/newlib/_syscalls.o
 .debug_line    0x000010bf      0x467 ./system/src/diag/Trace.o
 .debug_line    0x00001526      0x6d4 ./system/src/diag/trace_impl.o
 .debug_line    0x00001bfa      0x39b ./system/src/cortexm/_initialize_hardware.o
 .debug_line    0x00001f95      0x796 ./system/src/cortexm/exception_handlers.o
 .debug_line    0x0000272b      0x40e ./system/src/cmsis/system_stm32f10x.o
 .debug_line    0x00002b39      0x127 ./system/src/cmsis/vectors_stm32f10x.o
 .debug_line    0x00002c60       0xa6 ./src/CRC_program.o
 .debug_line    0x00002d06      0x186 ./src/FPEC_program.o
 .debug_line    0x00002e8c      0x195 ./src/GPIO_program.o
 .debug_line    0x00003021      0x110 ./src/PARSING_program.o
 .debug_line    0x00003131       0xc0 ./src/PORT_program.o
 .debug_line    0x000031f1      0x18f ./src/RCC_program.o
 .debug_line    0x00003380      0x173 ./src/STK_program.o
 .debug_line    0x000034f3      0x189 ./src/UART_program.o
 .debug_line    0x0000367c      0x191 ./src/main.o

.debug_frame    0x00000000      0xb50
 *(.debug_frame)
 .debug_frame   0x00000000       0x38 ./system/src/newlib/_exit.o
 .debug_frame   0x00000038       0x28 ./system/src/newlib/_sbrk.o
 .debug_frame   0x00000060       0x7c ./system/src/newlib/_startup.o
 .debug_frame   0x000000dc       0x50 ./system/src/newlib/_syscalls.o
 .debug_frame   0x0000012c       0x94 ./system/src/diag/Trace.o
 .debug_frame   0x000001c0       0x64 ./system/src/diag/trace_impl.o
 .debug_frame   0x00000224       0x40 ./system/src/cortexm/_initialize_hardware.o
 .debug_frame   0x00000264      0x158 ./system/src/cortexm/exception_handlers.o
 .debug_frame   0x000003bc       0x6c ./system/src/cmsis/system_stm32f10x.o
 .debug_frame   0x00000428       0x20 ./system/src/cmsis/vectors_stm32f10x.o
 .debug_frame   0x00000448       0x20 ./src/CRC_program.o
 .debug_frame   0x00000468       0x80 ./src/FPEC_program.o
 .debug_frame   0x000004e8       0x74 ./src/GPIO_program.o
 .debug_frame   0x0000055c       0x48 ./src/PARSING_program.o
 .debug_frame   0x000005a4       0x20 ./src/PORT_program.o
 .debug_frame   0x000005c4       0x84 ./src/RCC_program.o
 .debug_frame   0x00000648       0xc0 ./src/STK_program.o
 .debug_frame   0x00000708       0xf0 ./src/UART_program.o
 .debug_frame   0x000007f8       0x68 ./src/main.o
 .debug_frame   0x00000860       0x20 e:/embedded_system/arm_muc/imt_arm_course/02- tools/03- imt sdk/imt_sdk_win_64/winarm/armgcc/bin/../lib/gcc/arm-none-eabi/7.2.1/../../../../arm-none-eabi/lib/thumb/v7-m\libg_nano.a(lib_a-errno.o)
 .debug_frame   0x00000880       0x4c e:/embedded_system/arm_muc/imt_arm_course/02- tools/03- imt sdk/imt_sdk_win_64/winarm/armgcc/bin/../lib/gcc/arm-none-eabi/7.2.1/../../../../arm-none-eabi/lib/thumb/v7-m\libg_nano.a(lib_a-vsnprintf.o)
 .debug_frame   0x000008cc       0x90 e:/embedded_system/arm_muc/imt_arm_course/02- tools/03- imt sdk/imt_sdk_win_64/winarm/armgcc/bin/../lib/gcc/arm-none-eabi/7.2.1/../../../../arm-none-eabi/lib/thumb/v7-m\libg_nano.a(lib_a-nano-svfprintf.o)
 .debug_frame   0x0000095c       0x60 e:/embedded_system/arm_muc/imt_arm_course/02- tools/03- imt sdk/imt_sdk_win_64/winarm/armgcc/bin/../lib/gcc/arm-none-eabi/7.2.1/../../../../arm-none-eabi/lib/thumb/v7-m\libg_nano.a(lib_a-nano-vfprintf_i.o)
 .debug_frame   0x000009bc       0x28 e:/embedded_system/arm_muc/imt_arm_course/02- tools/03- imt sdk/imt_sdk_win_64/winarm/armgcc/bin/../lib/gcc/arm-none-eabi/7.2.1/../../../../arm-none-eabi/lib/thumb/v7-m\libg_nano.a(lib_a-memchr-stub.o)
 .debug_frame   0x000009e4       0x28 e:/embedded_system/arm_muc/imt_arm_course/02- tools/03- imt sdk/imt_sdk_win_64/winarm/armgcc/bin/../lib/gcc/arm-none-eabi/7.2.1/../../../../arm-none-eabi/lib/thumb/v7-m\libg_nano.a(lib_a-memcpy-stub.o)
 .debug_frame   0x00000a0c       0x28 e:/embedded_system/arm_muc/imt_arm_course/02- tools/03- imt sdk/imt_sdk_win_64/winarm/armgcc/bin/../lib/gcc/arm-none-eabi/7.2.1/../../../../arm-none-eabi/lib/thumb/v7-m\libg_nano.a(lib_a-memmove.o)
 .debug_frame   0x00000a34       0x38 e:/embedded_system/arm_muc/imt_arm_course/02- tools/03- imt sdk/imt_sdk_win_64/winarm/armgcc/bin/../lib/gcc/arm-none-eabi/7.2.1/../../../../arm-none-eabi/lib/thumb/v7-m\libg_nano.a(lib_a-nano-freer.o)
 .debug_frame   0x00000a6c       0x2c e:/embedded_system/arm_muc/imt_arm_course/02- tools/03- imt sdk/imt_sdk_win_64/winarm/armgcc/bin/../lib/gcc/arm-none-eabi/7.2.1/../../../../arm-none-eabi/lib/thumb/v7-m\libg_nano.a(lib_a-nano-mallocr.o)
 .debug_frame   0x00000a98       0x3c e:/embedded_system/arm_muc/imt_arm_course/02- tools/03- imt sdk/imt_sdk_win_64/winarm/armgcc/bin/../lib/gcc/arm-none-eabi/7.2.1/../../../../arm-none-eabi/lib/thumb/v7-m\libg_nano.a(lib_a-nano-reallocr.o)
 .debug_frame   0x00000ad4       0x2c e:/embedded_system/arm_muc/imt_arm_course/02- tools/03- imt sdk/imt_sdk_win_64/winarm/armgcc/bin/../lib/gcc/arm-none-eabi/7.2.1/../../../../arm-none-eabi/lib/thumb/v7-m\libg_nano.a(lib_a-sbrkr.o)
 .debug_frame   0x00000b00       0x30 e:/embedded_system/arm_muc/imt_arm_course/02- tools/03- imt sdk/imt_sdk_win_64/winarm/armgcc/bin/../lib/gcc/arm-none-eabi/7.2.1/../../../../arm-none-eabi/lib/thumb/v7-m\libg_nano.a(lib_a-mlock.o)
 .debug_frame   0x00000b30       0x20 e:/embedded_system/arm_muc/imt_arm_course/02- tools/03- imt sdk/imt_sdk_win_64/winarm/armgcc/bin/../lib/gcc/arm-none-eabi/7.2.1/../../../../arm-none-eabi/lib/thumb/v7-m\libg_nano.a(lib_a-nano-msizer.o)

.debug_str      0x00000000    0x58adf
 *(.debug_str)
 .debug_str     0x00000000     0x7d10 ./system/src/newlib/_exit.o
                               0x7ee3 (size before relaxing)
 .debug_str     0x00007d10      0x4f5 ./system/src/newlib/_sbrk.o
                               0x7295 (size before relaxing)
 .debug_str     0x00008205      0xbbd ./system/src/newlib/_startup.o
                               0x69d0 (size before relaxing)
 .debug_str     0x00008dc2      0xe8b ./system/src/newlib/_syscalls.o
                               0x8170 (size before relaxing)
 .debug_str     0x00009c4d      0x826 ./system/src/diag/Trace.o
                               0x865b (size before relaxing)
 .debug_str     0x0000a473    0x4b2b9 ./system/src/diag/trace_impl.o
                              0x52a41 (size before relaxing)
 .debug_str     0x0005572c       0xc4 ./system/src/cortexm/_initialize_hardware.o
                              0x4e832 (size before relaxing)
 .debug_str     0x000557f0      0x1a6 ./system/src/cortexm/exception_handlers.o
                              0x53c66 (size before relaxing)
 .debug_str     0x00055996      0x10f ./system/src/cmsis/system_stm32f10x.o
                              0x4e8cc (size before relaxing)
 .debug_str     0x00055aa5       0x57 ./system/src/cmsis/vectors_stm32f10x.o
                               0x3871 (size before relaxing)
 .debug_str     0x00055afc      0x184 ./src/CRC_program.o
                               0x2f06 (size before relaxing)
 .debug_str     0x00055c80      0x2a7 ./src/FPEC_program.o
                               0x3103 (size before relaxing)
 .debug_str     0x00055f27      0x3ed ./src/GPIO_program.o
                               0x3253 (size before relaxing)
 .debug_str     0x00056314      0x1ae ./src/PARSING_program.o
                               0x304a (size before relaxing)
 .debug_str     0x000564c2     0x135d ./src/PORT_program.o
                               0x427d (size before relaxing)
 .debug_str     0x0005781f      0xbff ./src/RCC_program.o
                               0x3a70 (size before relaxing)
 .debug_str     0x0005841e      0x26f ./src/STK_program.o
                               0x30e5 (size before relaxing)
 .debug_str     0x0005868d      0x31e ./src/UART_program.o
                               0x31b5 (size before relaxing)
 .debug_str     0x000589ab      0x134 ./src/main.o
                               0x3788 (size before relaxing)

.debug_loc      0x00000000     0x195a
 *(.debug_loc)
 .debug_loc     0x00000000       0x85 ./system/src/newlib/_sbrk.o
 .debug_loc     0x00000085      0x1a9 ./system/src/newlib/_startup.o
 .debug_loc     0x0000022e       0x63 ./system/src/newlib/_syscalls.o
 .debug_loc     0x00000291       0xf6 ./system/src/diag/Trace.o
 .debug_loc     0x00000387      0x121 ./system/src/diag/trace_impl.o
 .debug_loc     0x000004a8      0x291 ./system/src/cortexm/exception_handlers.o
 .debug_loc     0x00000739       0xdf ./system/src/cmsis/system_stm32f10x.o
 .debug_loc     0x00000818       0x3e ./src/CRC_program.o
 .debug_loc     0x00000856      0x196 ./src/FPEC_program.o
 .debug_loc     0x000009ec      0x593 ./src/GPIO_program.o
 .debug_loc     0x00000f7f      0x11a ./src/PARSING_program.o
 .debug_loc     0x00001099      0x2f0 ./src/RCC_program.o
 .debug_loc     0x00001389      0x211 ./src/STK_program.o
 .debug_loc     0x0000159a      0x251 ./src/UART_program.o
 .debug_loc     0x000017eb      0x16f ./src/main.o

.debug_macinfo
 *(.debug_macinfo)

.debug_weaknames
 *(.debug_weaknames)

.debug_funcnames
 *(.debug_funcnames)

.debug_typenames
 *(.debug_typenames)

.debug_varnames
 *(.debug_varnames)
OUTPUT(BOOTLOADER.elf elf32-littlearm)

.debug_ranges   0x00000000      0x3c0
 .debug_ranges  0x00000000       0x18 ./system/src/newlib/_exit.o
 .debug_ranges  0x00000018       0x10 ./system/src/newlib/_sbrk.o
 .debug_ranges  0x00000028       0x78 ./system/src/newlib/_startup.o
 .debug_ranges  0x000000a0       0x20 ./system/src/newlib/_syscalls.o
 .debug_ranges  0x000000c0       0x28 ./system/src/diag/Trace.o
 .debug_ranges  0x000000e8       0x50 ./system/src/diag/trace_impl.o
 .debug_ranges  0x00000138       0x18 ./system/src/cortexm/_initialize_hardware.o
 .debug_ranges  0x00000150       0x80 ./system/src/cortexm/exception_handlers.o
 .debug_ranges  0x000001d0       0x28 ./system/src/cmsis/system_stm32f10x.o
 .debug_ranges  0x000001f8       0x10 ./system/src/cmsis/vectors_stm32f10x.o
 .debug_ranges  0x00000208       0x10 ./src/CRC_program.o
 .debug_ranges  0x00000218       0x48 ./src/FPEC_program.o
 .debug_ranges  0x00000260       0x28 ./src/GPIO_program.o
 .debug_ranges  0x00000288       0x18 ./src/PARSING_program.o
 .debug_ranges  0x000002a0       0x10 ./src/PORT_program.o
 .debug_ranges  0x000002b0       0x30 ./src/RCC_program.o
 .debug_ranges  0x000002e0       0x50 ./src/STK_program.o
 .debug_ranges  0x00000330       0x58 ./src/UART_program.o
 .debug_ranges  0x00000388       0x38 ./src/main.o

.debug_macro    0x00000000     0x314f
 .debug_macro   0x00000000      0x1b4 ./system/src/newlib/_exit.o
 .debug_macro   0x000001b4       0x9c ./system/src/newlib/_exit.o
 .debug_macro   0x00000250      0x10e ./system/src/newlib/_exit.o
 .debug_macro   0x0000035e       0x8d ./system/src/newlib/_exit.o
 .debug_macro   0x000003eb       0x43 ./system/src/newlib/_exit.o
 .debug_macro   0x0000042e      0x330 ./system/src/newlib/_exit.o
 .debug_macro   0x0000075e       0x35 ./system/src/newlib/_exit.o
 .debug_macro   0x00000793      0x169 ./system/src/newlib/_sbrk.o
 .debug_macro   0x000008fc      0x174 ./system/src/newlib/_sbrk.o
 .debug_macro   0x00000a70       0x10 ./system/src/newlib/_sbrk.o
 .debug_macro   0x00000a80      0x23b ./system/src/newlib/_sbrk.o
 .debug_macro   0x00000cbb      0x173 ./system/src/newlib/_startup.o
 .debug_macro   0x00000e2e      0x217 ./system/src/newlib/_syscalls.o
 .debug_macro   0x00001045       0x1c ./system/src/newlib/_syscalls.o
 .debug_macro   0x00001061       0x10 ./system/src/newlib/_syscalls.o
 .debug_macro   0x00001071       0x10 ./system/src/newlib/_syscalls.o
 .debug_macro   0x00001081       0x10 ./system/src/newlib/_syscalls.o
 .debug_macro   0x00001091       0x35 ./system/src/newlib/_syscalls.o
 .debug_macro   0x000010c6      0x122 ./system/src/newlib/_syscalls.o
 .debug_macro   0x000011e8       0x88 ./system/src/newlib/_syscalls.o
 .debug_macro   0x00001270       0x2b ./system/src/newlib/_syscalls.o
 .debug_macro   0x0000129b      0x118 ./system/src/newlib/_syscalls.o
 .debug_macro   0x000013b3      0x189 ./system/src/newlib/_syscalls.o
 .debug_macro   0x0000153c       0x16 ./system/src/newlib/_syscalls.o
 .debug_macro   0x00001552      0x1fb ./system/src/diag/Trace.o
 .debug_macro   0x0000174d       0x16 ./system/src/diag/Trace.o
 .debug_macro   0x00001763       0x97 ./system/src/diag/Trace.o
 .debug_macro   0x000017fa       0xfd ./system/src/diag/Trace.o
 .debug_macro   0x000018f7       0x10 ./system/src/diag/Trace.o
 .debug_macro   0x00001907       0x16 ./system/src/diag/Trace.o
 .debug_macro   0x0000191d      0x16f ./system/src/diag/Trace.o
 .debug_macro   0x00001a8c       0x4c ./system/src/diag/Trace.o
 .debug_macro   0x00001ad8       0x16 ./system/src/diag/Trace.o
 .debug_macro   0x00001aee      0x2da ./system/src/diag/trace_impl.o
 .debug_macro   0x00001dc8       0x10 ./system/src/diag/trace_impl.o
 .debug_macro   0x00001dd8       0xcf ./system/src/diag/trace_impl.o
 .debug_macro   0x00001ea7       0xbe ./system/src/diag/trace_impl.o
 .debug_macro   0x00001f65       0x22 ./system/src/diag/trace_impl.o
 .debug_macro   0x00001f87      0x16b ./system/src/cortexm/_initialize_hardware.o
 .debug_macro   0x000020f2      0x324 ./system/src/cortexm/exception_handlers.o
 .debug_macro   0x00002416       0x3b ./system/src/cortexm/exception_handlers.o
 .debug_macro   0x00002451       0x10 ./system/src/cortexm/exception_handlers.o
 .debug_macro   0x00002461      0x16e ./system/src/cmsis/system_stm32f10x.o
 .debug_macro   0x000025cf       0x34 ./system/src/cmsis/vectors_stm32f10x.o
 .debug_macro   0x00002603       0x40 ./src/CRC_program.o
 .debug_macro   0x00002643       0x1c ./src/CRC_program.o
 .debug_macro   0x0000265f       0x22 ./src/CRC_program.o
 .debug_macro   0x00002681       0x10 ./src/CRC_program.o
 .debug_macro   0x00002691       0x48 ./src/FPEC_program.o
 .debug_macro   0x000026d9       0x2e ./src/FPEC_program.o
 .debug_macro   0x00002707       0x1c ./src/FPEC_program.o
 .debug_macro   0x00002723       0x10 ./src/FPEC_program.o
 .debug_macro   0x00002733       0x49 ./src/GPIO_program.o
 .debug_macro   0x0000277c       0x94 ./src/GPIO_program.o
 .debug_macro   0x00002810       0x4c ./src/GPIO_program.o
 .debug_macro   0x0000285c       0x49 ./src/PARSING_program.o
 .debug_macro   0x000028a5       0x10 ./src/PARSING_program.o
 .debug_macro   0x000028b5       0x1c ./src/PARSING_program.o
 .debug_macro   0x000028d1       0x48 ./src/PORT_program.o
 .debug_macro   0x00002919      0x21b ./src/PORT_program.o
 .debug_macro   0x00002b34       0x5e ./src/PORT_program.o
 .debug_macro   0x00002b92       0x3a ./src/PORT_program.o
 .debug_macro   0x00002bcc       0x47 ./src/RCC_program.o
 .debug_macro   0x00002c13      0x15a ./src/RCC_program.o
 .debug_macro   0x00002d6d       0x46 ./src/RCC_program.o
 .debug_macro   0x00002db3      0x142 ./src/RCC_program.o
 .debug_macro   0x00002ef5       0x3a ./src/RCC_program.o
 .debug_macro   0x00002f2f       0x48 ./src/STK_program.o
 .debug_macro   0x00002f77       0x10 ./src/STK_program.o
 .debug_macro   0x00002f87       0x3a ./src/STK_program.o
 .debug_macro   0x00002fc1       0x10 ./src/STK_program.o
 .debug_macro   0x00002fd1       0x48 ./src/UART_program.o
 .debug_macro   0x00003019       0x52 ./src/UART_program.o
 .debug_macro   0x0000306b       0x4c ./src/UART_program.o
 .debug_macro   0x000030b7       0x1c ./src/UART_program.o
 .debug_macro   0x000030d3       0x7c ./src/main.o
